// Jest Snapshot v1, https://goo.gl/fbAQLP

exports[`Checkbox render correctly 1`] = `<label class="v-checkbox checkbox"><input type="checkbox" value="" true-value="true" false-value="false"><span class="check"></span><span class="control-label"></span></label>`;
