// Jest Snapshot v1, https://goo.gl/fbAQLP

exports[`Select render correctly 1`] = `<div class="control"><span class="select"><select><!--v-if--></select></span></div>`;
