// Jest Snapshot v1, https://goo.gl/fbAQLP

exports[`Modal render correctly 1`] = `
<div class="modal">
  <div class="modal-background"></div>
  <div class="modal-content"></div><button class="modal-close" aria-label="close"></button>
</div>
`;
