// Jest Snapshot v1, https://goo.gl/fbAQLP

exports[`Switch render correctly 1`] = `<label class="switch is-rounded"><input type="checkbox" value="false" true-value="true" false-value="false"><span class="check"></span><span class="control-label"></span></label>`;
