// Jest Snapshot v1, https://goo.gl/fbAQLP

exports[`Textarea render correctly 1`] = `
<div class="control"><textarea class="textarea"></textarea>
  <!--v-if-->
</div>
`;
