// Jest Snapshot v1, https://goo.gl/fbAQLP

exports[`Timeline render correctly 1`] = `<ol class="timeline"></ol>`;
