// Jest Snapshot v1, https://goo.gl/fbAQLP

exports[`Field render correctly 1`] = `
<div class="field">
  <!--v-if-->
  <!--v-if-->
</div>
`;
