// Jest Snapshot v1, https://goo.gl/fbAQLP

exports[`Upload render correctly 1`] = `
<div class="file"><label class="file-label"><input class="file-input" type="file" name="resume"><span class="file-cta"><span class="file-icon"></span><span class="file-label"></span></span>
    <!--v-if-->
  </label></div>
`;
