// Jest Snapshot v1, https://goo.gl/fbAQLP

exports[`Button render correctly 1`] = `
<button class="button is-primary" type="button">
  <!--v-if-->
</button>
`;